npm warn deprecated @esbuild-kit/esm-loader@2.6.5: Merged into tsx: https://tsx.is
npm warn deprecated @esbuild-kit/core-utils@3.3.2: Merged into tsx: https://tsx.is

added 415 packages, and audited 423 packages in 10s

152 packages are looking for funding
  run `npm fund` for details

8 vulnerabilities (1 low, 5 moderate, 2 high)

To address issues that do not require attention, run:
  npm audit fix

To address all issues (including breaking changes), run:
  npm audit fix --force

Run `npm audit` for details.
npm warn allow-scripts 6 packages have install scripts not yet covered by allowScripts:
npm warn allow-scripts   esbuild@0.18.20 (postinstall: node install.js)
npm warn allow-scripts   esbuild@0.25.12 (postinstall: node install.js)
npm warn allow-scripts   esbuild@0.28.0 (postinstall: node install.js)
npm warn allow-scripts   fsevents@2.3.3 (install: (install scripts present))
npm warn allow-scripts   sharp@0.34.5 (install: node install/check.js || npm run build)
npm warn allow-scripts   unrs-resolver@1.11.1 (postinstall: napi-postinstall unrs-resolver 1.11.1 check)
npm warn allow-scripts
npm warn allow-scripts Run `npm approve-scripts --allow-scripts-pending` to review, or `npm approve-scripts <pkg>` to allow.
